#-----------------------------------------------------------
# Vivado v2022.1 (64-bit)
# SW Build 3526262 on Mon Apr 18 15:48:16 MDT 2022
# IP Build 3524634 on Mon Apr 18 20:55:01 MDT 2022
# Start of session at: Wed Apr 12 22:46:38 2023
# Process ID: 19608
# Current directory: C:/Users/brian/Documents/SchoolPapers/Repositories/CPE 333/CPE-333-Comp.-Arch-/Lab0/VivadoProject/CPE233OTTER/CPE233OTTER.runs/synth_1
# Command line: vivado.exe -log OTTER_Wrapper.vds -product Vivado -mode batch -messageDb vivado.pb -notrace -source OTTER_Wrapper.tcl
# Log file: C:/Users/brian/Documents/SchoolPapers/Repositories/CPE 333/CPE-333-Comp.-Arch-/Lab0/VivadoProject/CPE233OTTER/CPE233OTTER.runs/synth_1/OTTER_Wrapper.vds
# Journal file: C:/Users/brian/Documents/SchoolPapers/Repositories/CPE 333/CPE-333-Comp.-Arch-/Lab0/VivadoProject/CPE233OTTER/CPE233OTTER.runs/synth_1\vivado.jou
# Running On: DESKTOP-OJK9U19, OS: Windows, CPU Frequency: 2803 MHz, CPU Physical cores: 4, Host memory: 16799 MB
#-----------------------------------------------------------
source OTTER_Wrapper.tcl -notrace
