#-----------------------------------------------------------
# Vivado v2022.1 (64-bit)
# SW Build 3526262 on Mon Apr 18 15:48:16 MDT 2022
# IP Build 3524634 on Mon Apr 18 20:55:01 MDT 2022
# Start of session at: Thu Apr  6 12:51:21 2023
# Process ID: 26640
# Current directory: C:/Users/brian/Documents/SchoolPapers/Repositories/CPE 333/CPE-333-Comp.-Arch-/Lab0/VivadoProject
# Command line: vivado.exe -gui_launcher_event rodinguilauncherevent9164 C:\Users\brian\Documents\SchoolPapers\Repositories\CPE 333\CPE-333-Comp.-Arch-\Lab0\VivadoProject\project_1.xpr
# Log file: C:/Users/brian/Documents/SchoolPapers/Repositories/CPE 333/CPE-333-Comp.-Arch-/Lab0/VivadoProject/vivado.log
# Journal file: C:/Users/brian/Documents/SchoolPapers/Repositories/CPE 333/CPE-333-Comp.-Arch-/Lab0/VivadoProject\vivado.jou
# Running On: DESKTOP-OJK9U19, OS: Windows, CPU Frequency: 2803 MHz, CPU Physical cores: 4, Host memory: 16799 MB
#-----------------------------------------------------------
start_gui
open_project {C:/Users/brian/Documents/SchoolPapers/Repositories/CPE 333/CPE-333-Comp.-Arch-/Lab0/VivadoProject/project_1.xpr}
update_compile_order -fileset sources_1
