#-----------------------------------------------------------
# Vivado v2022.1 (64-bit)
# SW Build 3526262 on Mon Apr 18 15:48:16 MDT 2022
# IP Build 3524634 on Mon Apr 18 20:55:01 MDT 2022
# Start of session at: Tue Apr 25 19:44:05 2023
# Process ID: 4116
# Current directory: C:/Users/brian/Documents/SchoolPapers/Repositories/CPE 333/CPE-333-Comp.-Arch-/Lab1/FIFO
# Command line: vivado.exe -gui_launcher_event rodinguilauncherevent6860 C:\Users\brian\Documents\SchoolPapers\Repositories\CPE 333\CPE-333-Comp.-Arch-\Lab1\FIFO\FIFO.xpr
# Log file: C:/Users/brian/Documents/SchoolPapers/Repositories/CPE 333/CPE-333-Comp.-Arch-/Lab1/FIFO/vivado.log
# Journal file: C:/Users/brian/Documents/SchoolPapers/Repositories/CPE 333/CPE-333-Comp.-Arch-/Lab1/FIFO\vivado.jou
# Running On: DESKTOP-OJK9U19, OS: Windows, CPU Frequency: 2803 MHz, CPU Physical cores: 4, Host memory: 16799 MB
#-----------------------------------------------------------
start_gui
open_project {C:/Users/brian/Documents/SchoolPapers/Repositories/CPE 333/CPE-333-Comp.-Arch-/Lab1/FIFO/FIFO.xpr}
update_compile_order -fileset sources_1
launch_simulation
launch_simulation
